127.0.0.1 - - [09/Aug/2023:09:33:27 +0900] "GET / HTTP/1.1" 404 807
127.0.0.1 - - [09/Aug/2023:09:33:35 +0900] "GET /lotto.html HTTP/1.1" 404 817
127.0.0.1 - - [09/Aug/2023:09:33:35 +0900] "GET /favicon.ico HTTP/1.1" 404 818
127.0.0.1 - - [09/Aug/2023:09:33:59 +0900] "GET /lotto.html HTTP/1.1" 404 817
127.0.0.1 - - [09/Aug/2023:09:34:07 +0900] "GET /web/lotto.html HTTP/1.1" 200 571
127.0.0.1 - - [09/Aug/2023:09:55:36 +0900] "GET /web/lotto.html HTTP/1.1" 200 830
127.0.0.1 - - [09/Aug/2023:10:01:39 +0900] "GET /web/lotto.html HTTP/1.1" 200 1040
127.0.0.1 - - [09/Aug/2023:10:04:56 +0900] "GET /web/lotto.html HTTP/1.1" 200 1218
127.0.0.1 - - [09/Aug/2023:10:07:14 +0900] "GET /web/lotto.html HTTP/1.1" 200 1269
127.0.0.1 - - [09/Aug/2023:10:22:02 +0900] "GET /web/lotto.html HTTP/1.1" 200 1266
127.0.0.1 - - [09/Aug/2023:10:22:18 +0900] "GET /web/lotto.html HTTP/1.1" 200 1268
127.0.0.1 - - [09/Aug/2023:10:25:07 +0900] "GET /web/lotto.html HTTP/1.1" 200 1343
127.0.0.1 - - [09/Aug/2023:10:26:07 +0900] "GET /web/lotto.html HTTP/1.1" 304 -
127.0.0.1 - - [09/Aug/2023:10:26:07 +0900] "GET /web/lotto.html HTTP/1.1" 304 -
127.0.0.1 - - [09/Aug/2023:10:26:33 +0900] "GET /web/lotto.html HTTP/1.1" 304 -
127.0.0.1 - - [09/Aug/2023:10:37:32 +0900] "GET /web/lotto.html HTTP/1.1" 200 1355
127.0.0.1 - - [09/Aug/2023:10:39:03 +0900] "GET /web/lotto.html HTTP/1.1" 200 1356
127.0.0.1 - - [09/Aug/2023:10:43:27 +0900] "GET /web/lotto.html HTTP/1.1" 200 1562
127.0.0.1 - - [09/Aug/2023:10:49:32 +0900] "GET /web/lotto.html HTTP/1.1" 200 1686
127.0.0.1 - - [09/Aug/2023:10:49:32 +0900] "GET /web/lotto.html HTTP/1.1" 304 -
127.0.0.1 - - [09/Aug/2023:10:49:33 +0900] "GET /web/lotto.html HTTP/1.1" 304 -
127.0.0.1 - - [09/Aug/2023:10:49:33 +0900] "GET /web/lotto.html HTTP/1.1" 304 -
127.0.0.1 - - [09/Aug/2023:10:49:39 +0900] "POST /web/lotto_ok.do HTTP/1.1" 200 -
127.0.0.1 - - [09/Aug/2023:10:53:41 +0900] "GET /web/lotto.html HTTP/1.1" 200 2005
127.0.0.1 - - [09/Aug/2023:10:53:56 +0900] "GET /web/lotto.html HTTP/1.1" 200 2094
127.0.0.1 - - [09/Aug/2023:10:57:36 +0900] "GET /web/lotto.html HTTP/1.1" 200 2350
127.0.0.1 - - [09/Aug/2023:10:57:52 +0900] "GET /web/lotto.html HTTP/1.1" 200 2368
127.0.0.1 - - [09/Aug/2023:10:57:53 +0900] "GET /web/lotto.html HTTP/1.1" 304 -
127.0.0.1 - - [09/Aug/2023:10:58:08 +0900] "GET /web/lotto.html HTTP/1.1" 304 -
0:0:0:0:0:0:0:1 - - [09/Aug/2023:10:58:36 +0900] "GET /web/lotto.html HTTP/1.1" 200 2368
0:0:0:0:0:0:0:1 - - [09/Aug/2023:10:58:36 +0900] "GET /favicon.ico HTTP/1.1" 404 818
0:0:0:0:0:0:0:1 - - [09/Aug/2023:11:05:02 +0900] "GET /web/lotto.html HTTP/1.1" 200 2520
0:0:0:0:0:0:0:1 - - [09/Aug/2023:11:05:45 +0900] "GET /web/lotto.html HTTP/1.1" 304 -
0:0:0:0:0:0:0:1 - - [09/Aug/2023:11:07:07 +0900] "GET /web/lotto.html HTTP/1.1" 200 2607
0:0:0:0:0:0:0:1 - - [09/Aug/2023:11:11:08 +0900] "GET /web/lotto.html HTTP/1.1" 200 2674
0:0:0:0:0:0:0:1 - - [09/Aug/2023:11:12:23 +0900] "GET /web/lotto.html HTTP/1.1" 200 2695
0:0:0:0:0:0:0:1 - - [09/Aug/2023:11:14:48 +0900] "GET /web/lotto.html HTTP/1.1" 200 2912
0:0:0:0:0:0:0:1 - - [09/Aug/2023:11:15:46 +0900] "GET /web/lotto.html HTTP/1.1" 304 -
0:0:0:0:0:0:0:1 - - [09/Aug/2023:11:16:51 +0900] "GET /web/lotto.html HTTP/1.1" 200 2920
0:0:0:0:0:0:0:1 - - [09/Aug/2023:11:16:59 +0900] "GET /web/lotto.html HTTP/1.1" 304 -
0:0:0:0:0:0:0:1 - - [09/Aug/2023:11:17:19 +0900] "GET /web/lotto.html HTTP/1.1" 200 2920
0:0:0:0:0:0:0:1 - - [09/Aug/2023:11:17:19 +0900] "GET /web/lotto.html HTTP/1.1" 304 -
0:0:0:0:0:0:0:1 - - [09/Aug/2023:11:17:19 +0900] "GET /web/lotto.html HTTP/1.1" 304 -
0:0:0:0:0:0:0:1 - - [09/Aug/2023:11:33:53 +0900] "GET /web/array.html HTTP/1.1" 404 825
0:0:0:0:0:0:0:1 - - [09/Aug/2023:11:34:03 +0900] "GET /web/array.html HTTP/1.1" 404 825
0:0:0:0:0:0:0:1 - - [09/Aug/2023:11:34:03 +0900] "GET /web/array.html HTTP/1.1" 404 825
0:0:0:0:0:0:0:1 - - [09/Aug/2023:11:34:03 +0900] "GET /web/array.html HTTP/1.1" 404 825
0:0:0:0:0:0:0:1 - - [09/Aug/2023:11:34:04 +0900] "GET /web/array.html HTTP/1.1" 404 825
127.0.0.1 - - [09/Aug/2023:11:34:09 +0900] "GET / HTTP/1.1" 404 807
0:0:0:0:0:0:0:1 - - [09/Aug/2023:11:34:12 +0900] "GET /web/array.html HTTP/1.1" 404 825
0:0:0:0:0:0:0:1 - - [09/Aug/2023:11:34:12 +0900] "GET /web/array.html HTTP/1.1" 404 825
0:0:0:0:0:0:0:1 - - [09/Aug/2023:11:34:12 +0900] "GET /web/array.html HTTP/1.1" 404 825
0:0:0:0:0:0:0:1 - - [09/Aug/2023:11:34:13 +0900] "GET /web/array.html HTTP/1.1" 404 825
0:0:0:0:0:0:0:1 - - [09/Aug/2023:11:34:14 +0900] "GET /web/array.html HTTP/1.1" 404 825
0:0:0:0:0:0:0:1 - - [09/Aug/2023:11:34:14 +0900] "GET /web/array.html HTTP/1.1" 404 825
0:0:0:0:0:0:0:1 - - [09/Aug/2023:11:34:14 +0900] "GET /web/array.html HTTP/1.1" 404 825
0:0:0:0:0:0:0:1 - - [09/Aug/2023:11:34:15 +0900] "GET /web/array.html HTTP/1.1" 404 825
0:0:0:0:0:0:0:1 - - [09/Aug/2023:11:34:15 +0900] "GET /web/array.html HTTP/1.1" 404 825
0:0:0:0:0:0:0:1 - - [09/Aug/2023:11:34:15 +0900] "GET /web/array.html HTTP/1.1" 404 825
0:0:0:0:0:0:0:1 - - [09/Aug/2023:11:34:22 +0900] "GET /web/array1.html HTTP/1.1" 200 412
0:0:0:0:0:0:0:1 - - [09/Aug/2023:11:40:20 +0900] "GET /web/array1.html HTTP/1.1" 200 680
0:0:0:0:0:0:0:1 - - [09/Aug/2023:11:41:32 +0900] "GET /web/array1.html HTTP/1.1" 304 -
0:0:0:0:0:0:0:1 - - [09/Aug/2023:11:42:26 +0900] "GET /web/array1.html HTTP/1.1" 304 -
0:0:0:0:0:0:0:1 - - [09/Aug/2023:11:42:32 +0900] "GET /web/array1.html HTTP/1.1" 200 682
0:0:0:0:0:0:0:1 - - [09/Aug/2023:11:42:32 +0900] "GET /web/array1.html HTTP/1.1" 304 -
0:0:0:0:0:0:0:1 - - [09/Aug/2023:11:46:52 +0900] "GET /web/array1.html HTTP/1.1" 200 1038
0:0:0:0:0:0:0:1 - - [09/Aug/2023:11:47:39 +0900] "GET /web/array1.html HTTP/1.1" 200 1037
0:0:0:0:0:0:0:1 - - [09/Aug/2023:11:47:40 +0900] "GET /web/array1.html HTTP/1.1" 304 -
0:0:0:0:0:0:0:1 - - [09/Aug/2023:11:51:29 +0900] "GET /web/array1.html HTTP/1.1" 200 1308
0:0:0:0:0:0:0:1 - - [09/Aug/2023:11:51:30 +0900] "GET /web/array1.html HTTP/1.1" 304 -
0:0:0:0:0:0:0:1 - - [09/Aug/2023:11:54:08 +0900] "GET /web/array1.html HTTP/1.1" 200 1447
0:0:0:0:0:0:0:1 - - [09/Aug/2023:11:59:42 +0900] "GET /web/array1.html HTTP/1.1" 200 1849
0:0:0:0:0:0:0:1 - - [09/Aug/2023:11:59:43 +0900] "GET /web/array1.html HTTP/1.1" 304 -
0:0:0:0:0:0:0:1 - - [09/Aug/2023:12:06:24 +0900] "GET /web/array1.html HTTP/1.1" 200 1991
0:0:0:0:0:0:0:1 - - [09/Aug/2023:12:08:09 +0900] "GET /web/array1.html HTTP/1.1" 200 2070
0:0:0:0:0:0:0:1 - - [09/Aug/2023:12:08:10 +0900] "GET /web/array1.html HTTP/1.1" 304 -
0:0:0:0:0:0:0:1 - - [09/Aug/2023:12:09:47 +0900] "GET /web/array1.html HTTP/1.1" 200 2076
0:0:0:0:0:0:0:1 - - [09/Aug/2023:12:11:55 +0900] "GET /web/array1.html HTTP/1.1" 200 2222
0:0:0:0:0:0:0:1 - - [09/Aug/2023:12:12:38 +0900] "GET /web/array1.html HTTP/1.1" 200 2250
0:0:0:0:0:0:0:1 - - [09/Aug/2023:12:12:47 +0900] "GET /web/array1.html HTTP/1.1" 304 -
0:0:0:0:0:0:0:1 - - [09/Aug/2023:12:12:47 +0900] "GET /web/array1.html HTTP/1.1" 304 -
0:0:0:0:0:0:0:1 - - [09/Aug/2023:12:13:40 +0900] "GET /web/array1.html HTTP/1.1" 200 2335
0:0:0:0:0:0:0:1 - - [09/Aug/2023:12:21:08 +0900] "GET /web/array1.html HTTP/1.1" 200 2428
0:0:0:0:0:0:0:1 - - [09/Aug/2023:12:36:56 +0900] "GET /web/array2.html HTTP/1.1" 200 240
0:0:0:0:0:0:0:1 - - [09/Aug/2023:12:36:56 +0900] "GET /web/array2.js HTTP/1.1" 200 41
0:0:0:0:0:0:0:1 - - [09/Aug/2023:13:01:57 +0900] "GET /web/array2.html HTTP/1.1" 200 405
0:0:0:0:0:0:0:1 - - [09/Aug/2023:13:01:57 +0900] "GET /web/array2.js?v=1 HTTP/1.1" 200 462
0:0:0:0:0:0:0:1 - - [09/Aug/2023:13:01:59 +0900] "GET /web/data.json HTTP/1.1" 200 299
0:0:0:0:0:0:0:1 - - [09/Aug/2023:13:02:14 +0900] "GET /web/array2.html HTTP/1.1" 200 404
0:0:0:0:0:0:0:1 - - [09/Aug/2023:13:02:14 +0900] "GET /web/array2.js?v=1 HTTP/1.1" 304 -
0:0:0:0:0:0:0:1 - - [09/Aug/2023:13:03:06 +0900] "GET /web/array2.html HTTP/1.1" 200 410
0:0:0:0:0:0:0:1 - - [09/Aug/2023:13:03:06 +0900] "GET /web/array2.js?v=1 HTTP/1.1" 200 474
0:0:0:0:0:0:0:1 - - [09/Aug/2023:13:13:47 +0900] "GET /web/array2.html HTTP/1.1" 304 -
0:0:0:0:0:0:0:1 - - [09/Aug/2023:13:13:47 +0900] "GET /web/array2.js?v=1 HTTP/1.1" 200 1289
0:0:0:0:0:0:0:1 - - [09/Aug/2023:13:13:49 +0900] "GET /web/data.json1 HTTP/1.1" 404 825
0:0:0:0:0:0:0:1 - - [09/Aug/2023:13:14:13 +0900] "GET /web/array2.html HTTP/1.1" 304 -
0:0:0:0:0:0:0:1 - - [09/Aug/2023:13:14:13 +0900] "GET /web/array2.js?v=1 HTTP/1.1" 200 1288
0:0:0:0:0:0:0:1 - - [09/Aug/2023:13:14:14 +0900] "GET /web/data.json HTTP/1.1" 304 -
0:0:0:0:0:0:0:1 - - [09/Aug/2023:13:17:43 +0900] "GET /web/array3.html HTTP/1.1" 200 410
0:0:0:0:0:0:0:1 - - [09/Aug/2023:13:17:43 +0900] "GET /web/array3.js?v=1 HTTP/1.1" 200 41
192.168.110.214 - - [09/Aug/2023:14:38:09 +0900] "GET /web/userlist.json HTTP/1.1" 200 299
192.168.110.215 - - [09/Aug/2023:14:38:17 +0900] "GET /web/userlist.json HTTP/1.1" 200 299
0:0:0:0:0:0:0:1 - - [09/Aug/2023:14:39:31 +0900] "GET /web/array3.html HTTP/1.1" 200 410
0:0:0:0:0:0:0:1 - - [09/Aug/2023:14:39:31 +0900] "GET /web/array3.js?v=1 HTTP/1.1" 200 523
0:0:0:0:0:0:0:1 - - [09/Aug/2023:14:39:33 +0900] "GET /web/192.168.110.214:8081/web/userlist.json HTTP/1.1" 404 861
192.168.110.214 - - [09/Aug/2023:14:39:46 +0900] "GET /web/userlist.json HTTP/1.1" 304 -
192.168.110.214 - - [09/Aug/2023:14:39:54 +0900] "GET /web/userlist.json HTTP/1.1" 304 -
192.168.110.214 - - [09/Aug/2023:14:40:37 +0900] "GET /web/userlist.json HTTP/1.1" 200 299
192.168.110.215 - - [09/Aug/2023:14:47:40 +0900] "GET /web/userlist.json?callback=calldata HTTP/1.1" 200 309
192.168.110.214 - - [09/Aug/2023:14:47:40 +0900] "GET /web/userlist.json?callback=calldata HTTP/1.1" 200 309
0:0:0:0:0:0:0:1 - - [09/Aug/2023:14:48:02 +0900] "GET /web/array3.html HTTP/1.1" 200 589
192.168.110.214 - - [09/Aug/2023:14:48:31 +0900] "GET /web/userlist.json?callback=calldata HTTP/1.1" 304 -
192.168.110.215 - - [09/Aug/2023:14:49:00 +0900] "GET /web/userlist.json?callback=calldata HTTP/1.1" 304 -
192.168.110.215 - - [09/Aug/2023:14:49:50 +0900] "GET /web/userlist.json?callback=calldata HTTP/1.1" 304 -
127.0.0.1 - - [09/Aug/2023:14:50:30 +0900] "GET / HTTP/1.1" 404 807
0:0:0:0:0:0:0:1 - - [09/Aug/2023:14:51:00 +0900] "GET /web/array3.html HTTP/1.1" 200 589
192.168.110.214 - - [09/Aug/2023:14:51:35 +0900] "GET /web/userlist.json?callback=calldata HTTP/1.1" 200 309
0:0:0:0:0:0:0:1 - - [09/Aug/2023:14:52:05 +0900] "GET /web/array3.html HTTP/1.1" 304 -
192.168.110.215 - - [09/Aug/2023:14:52:11 +0900] "GET /web/userlist.json?callback=calldata HTTP/1.1" 200 309
192.168.110.214 - - [09/Aug/2023:14:53:03 +0900] "GET /web/userlist.json?callback=calldata HTTP/1.1" 304 -
192.168.110.215 - - [09/Aug/2023:14:54:46 +0900] "GET /web/userlist.json?callback=calldata HTTP/1.1" 304 -
0:0:0:0:0:0:0:1 - - [09/Aug/2023:14:54:55 +0900] "GET /web/array3.html HTTP/1.1" 304 -
0:0:0:0:0:0:0:1 - - [09/Aug/2023:14:54:55 +0900] "GET /web/array3.html HTTP/1.1" 304 -
0:0:0:0:0:0:0:1 - - [09/Aug/2023:14:54:55 +0900] "GET /web/array3.html HTTP/1.1" 304 -
192.168.110.214 - - [09/Aug/2023:14:57:34 +0900] "GET /web/userlist.json?callback=calldata HTTP/1.1" 304 -
0:0:0:0:0:0:0:1 - - [09/Aug/2023:14:58:02 +0900] "GET /web/array3.html HTTP/1.1" 200 598
0:0:0:0:0:0:0:1 - - [09/Aug/2023:14:58:02 +0900] "GET /web/array3.js?v=1 HTTP/1.1" 200 640
0:0:0:0:0:0:0:1 - - [09/Aug/2023:14:58:03 +0900] "GET /web/array3.html HTTP/1.1" 304 -
192.168.110.215 - - [09/Aug/2023:14:58:19 +0900] "GET /web/userlist.json?callback=calldata HTTP/1.1" 304 -
0:0:0:0:0:0:0:1 - - [09/Aug/2023:14:58:56 +0900] "GET /web/array3.html HTTP/1.1" 200 598
0:0:0:0:0:0:0:1 - - [09/Aug/2023:14:58:56 +0900] "GET /web/array3.js?v=1 HTTP/1.1" 304 -
0:0:0:0:0:0:0:1 - - [09/Aug/2023:14:58:56 +0900] "GET /web/array3.html HTTP/1.1" 304 -
0:0:0:0:0:0:0:1 - - [09/Aug/2023:14:58:56 +0900] "GET /web/array3.html HTTP/1.1" 304 -
0:0:0:0:0:0:0:1 - - [09/Aug/2023:14:58:56 +0900] "GET /web/array3.html HTTP/1.1" 304 -
0:0:0:0:0:0:0:1 - - [09/Aug/2023:14:58:57 +0900] "GET /web/array3.html HTTP/1.1" 304 -
192.168.110.215 - - [09/Aug/2023:14:59:12 +0900] "GET /web/array3.html HTTP/1.1" 200 598
192.168.110.215 - - [09/Aug/2023:14:59:12 +0900] "GET /web/array3.js?v=1 HTTP/1.1" 200 640
192.168.110.215 - - [09/Aug/2023:14:59:12 +0900] "GET /favicon.ico HTTP/1.1" 404 818
192.168.110.215 - - [09/Aug/2023:14:59:14 +0900] "GET /web/array3.html HTTP/1.1" 304 -
0:0:0:0:0:0:0:1 - - [09/Aug/2023:15:00:11 +0900] "GET /web/array3.html HTTP/1.1" 200 590
0:0:0:0:0:0:0:1 - - [09/Aug/2023:15:00:11 +0900] "GET /web/array3.js?v=1 HTTP/1.1" 200 645
192.168.110.217 - - [09/Aug/2023:15:07:08 +0900] "GET /web/userlist.json?callback=calldata HTTP/1.1" 200 309
0:0:0:0:0:0:0:1 - - [09/Aug/2023:15:08:14 +0900] "GET /web/array3.html HTTP/1.1" 200 585
0:0:0:0:0:0:0:1 - - [09/Aug/2023:15:08:14 +0900] "GET /web/array3.js?v=1 HTTP/1.1" 304 -
0:0:0:0:0:0:0:1 - - [09/Aug/2023:15:08:28 +0900] "GET /web/array3.html HTTP/1.1" 200 585
0:0:0:0:0:0:0:1 - - [09/Aug/2023:15:08:41 +0900] "GET /web/array3.html HTTP/1.1" 200 585
0:0:0:0:0:0:0:1 - - [09/Aug/2023:15:08:53 +0900] "GET /web/array3.html HTTP/1.1" 304 -
0:0:0:0:0:0:0:1 - - [09/Aug/2023:15:09:01 +0900] "GET /web/array3.html HTTP/1.1" 200 585
127.0.0.1 - - [09/Aug/2023:15:09:12 +0900] "GET /web/array3.html HTTP/1.1" 200 585
127.0.0.1 - - [09/Aug/2023:15:09:12 +0900] "GET /web/array3.js?v=1 HTTP/1.1" 200 645
127.0.0.1 - - [09/Aug/2023:15:09:13 +0900] "GET /favicon.ico HTTP/1.1" 404 818
127.0.0.1 - - [09/Aug/2023:15:09:25 +0900] "GET /web/array3.html HTTP/1.1" 200 585
192.168.110.223 - - [09/Aug/2023:15:09:28 +0900] "GET /web/userlist.json?callback=calldata HTTP/1.1" 200 309
0:0:0:0:0:0:0:1 - - [09/Aug/2023:15:09:36 +0900] "GET /web/array3.html HTTP/1.1" 200 585
0:0:0:0:0:0:0:1 - - [09/Aug/2023:15:09:36 +0900] "GET /web/array3.js?v=1 HTTP/1.1" 304 -
0:0:0:0:0:0:0:1 - - [09/Aug/2023:15:20:23 +0900] "GET /web/array3.html HTTP/1.1" 200 1014
0:0:0:0:0:0:0:1 - - [09/Aug/2023:15:20:23 +0900] "GET /web/array3.js?v=1 HTTP/1.1" 200 695
192.168.110.214 - - [09/Aug/2023:15:20:26 +0900] "GET /web/userlist.json?callback=calldata HTTP/1.1" 304 -
0:0:0:0:0:0:0:1 - - [09/Aug/2023:15:20:58 +0900] "GET /web/array3.html HTTP/1.1" 304 -
0:0:0:0:0:0:0:1 - - [09/Aug/2023:15:20:58 +0900] "GET /web/array3.js?v=1 HTTP/1.1" 200 718
0:0:0:0:0:0:0:1 - - [09/Aug/2023:15:22:37 +0900] "GET /web/array3.html HTTP/1.1" 304 -
0:0:0:0:0:0:0:1 - - [09/Aug/2023:15:22:37 +0900] "GET /web/array3.js?v=1 HTTP/1.1" 200 772
0:0:0:0:0:0:0:1 - - [09/Aug/2023:15:23:21 +0900] "GET /web/array3.html HTTP/1.1" 304 -
0:0:0:0:0:0:0:1 - - [09/Aug/2023:15:23:21 +0900] "GET /web/array3.js?v=1 HTTP/1.1" 200 772
192.168.110.214 - - [09/Aug/2023:15:23:30 +0900] "GET /web/userlist.json?callback=calldata HTTP/1.1" 304 -
0:0:0:0:0:0:0:1 - - [09/Aug/2023:15:23:30 +0900] "GET /web/array3.html HTTP/1.1" 304 -
0:0:0:0:0:0:0:1 - - [09/Aug/2023:15:23:30 +0900] "GET /web/array3.js?v=1 HTTP/1.1" 304 -
0:0:0:0:0:0:0:1 - - [09/Aug/2023:15:23:31 +0900] "GET /web/array3.html HTTP/1.1" 304 -
0:0:0:0:0:0:0:1 - - [09/Aug/2023:15:23:31 +0900] "GET /web/array3.js?v=1 HTTP/1.1" 304 -
0:0:0:0:0:0:0:1 - - [09/Aug/2023:15:23:31 +0900] "GET /web/array3.html HTTP/1.1" 304 -
0:0:0:0:0:0:0:1 - - [09/Aug/2023:15:23:31 +0900] "GET /web/array3.js?v=1 HTTP/1.1" 304 -
0:0:0:0:0:0:0:1 - - [09/Aug/2023:15:23:31 +0900] "GET /web/array3.html HTTP/1.1" 304 -
0:0:0:0:0:0:0:1 - - [09/Aug/2023:15:24:03 +0900] "GET /web/array3.html HTTP/1.1" 304 -
0:0:0:0:0:0:0:1 - - [09/Aug/2023:15:24:03 +0900] "GET /web/array3.js?v=1 HTTP/1.1" 200 763
0:0:0:0:0:0:0:1 - - [09/Aug/2023:15:24:13 +0900] "GET /web/array3.html HTTP/1.1" 304 -
0:0:0:0:0:0:0:1 - - [09/Aug/2023:15:24:13 +0900] "GET /web/array3.js?v=1 HTTP/1.1" 304 -
0:0:0:0:0:0:0:1 - - [09/Aug/2023:15:24:14 +0900] "GET /web/array3.html HTTP/1.1" 304 -
0:0:0:0:0:0:0:1 - - [09/Aug/2023:15:24:14 +0900] "GET /web/array3.js?v=1 HTTP/1.1" 304 -
0:0:0:0:0:0:0:1 - - [09/Aug/2023:15:24:25 +0900] "GET /web/array3.html HTTP/1.1" 304 -
0:0:0:0:0:0:0:1 - - [09/Aug/2023:15:24:25 +0900] "GET /web/array3.js?v=1 HTTP/1.1" 200 760
0:0:0:0:0:0:0:1 - - [09/Aug/2023:15:24:25 +0900] "GET /web/array3.html HTTP/1.1" 304 -
0:0:0:0:0:0:0:1 - - [09/Aug/2023:15:24:25 +0900] "GET /web/array3.js?v=1 HTTP/1.1" 304 -
192.168.110.214 - - [09/Aug/2023:15:37:20 +0900] "GET /web/userlist.json?callback=calldata HTTP/1.1" 304 -
0:0:0:0:0:0:0:1 - - [09/Aug/2023:15:37:21 +0900] "GET /web/array3.html HTTP/1.1" 304 -
0:0:0:0:0:0:0:1 - - [09/Aug/2023:15:37:21 +0900] "GET /web/array3.js?v=1 HTTP/1.1" 200 796
0:0:0:0:0:0:0:1 - - [09/Aug/2023:15:38:53 +0900] "GET /web/array3.html HTTP/1.1" 304 -
0:0:0:0:0:0:0:1 - - [09/Aug/2023:15:38:53 +0900] "GET /web/array3.js?v=1 HTTP/1.1" 200 847
0:0:0:0:0:0:0:1 - - [09/Aug/2023:15:39:41 +0900] "GET /web/array3.html HTTP/1.1" 304 -
0:0:0:0:0:0:0:1 - - [09/Aug/2023:15:39:41 +0900] "GET /web/array3.js?v=1 HTTP/1.1" 200 847
0:0:0:0:0:0:0:1 - - [09/Aug/2023:15:50:52 +0900] "GET /web/array3.html HTTP/1.1" 304 -
0:0:0:0:0:0:0:1 - - [09/Aug/2023:15:50:52 +0900] "GET /web/array3.js?v=1 HTTP/1.1" 200 951
192.168.110.214 - - [09/Aug/2023:15:50:56 +0900] "GET /web/userlist.json?callback=calldata HTTP/1.1" 304 -
0:0:0:0:0:0:0:1 - - [09/Aug/2023:15:51:55 +0900] "GET /web/array3.html HTTP/1.1" 304 -
0:0:0:0:0:0:0:1 - - [09/Aug/2023:15:51:55 +0900] "GET /web/array3.js?v=1 HTTP/1.1" 304 -
0:0:0:0:0:0:0:1 - - [09/Aug/2023:15:52:02 +0900] "GET /web/array3.html HTTP/1.1" 304 -
0:0:0:0:0:0:0:1 - - [09/Aug/2023:15:52:02 +0900] "GET /web/array3.js?v=1 HTTP/1.1" 200 1015
0:0:0:0:0:0:0:1 - - [09/Aug/2023:15:53:41 +0900] "GET /web/array3.html HTTP/1.1" 304 -
0:0:0:0:0:0:0:1 - - [09/Aug/2023:15:53:41 +0900] "GET /web/array3.js?v=1 HTTP/1.1" 200 1062
0:0:0:0:0:0:0:1 - - [09/Aug/2023:15:56:08 +0900] "GET /web/array3.html HTTP/1.1" 304 -
0:0:0:0:0:0:0:1 - - [09/Aug/2023:15:56:08 +0900] "GET /web/array3.js?v=1 HTTP/1.1" 200 1160
0:0:0:0:0:0:0:1 - - [09/Aug/2023:15:56:36 +0900] "GET /web/array3.html HTTP/1.1" 304 -
0:0:0:0:0:0:0:1 - - [09/Aug/2023:15:56:36 +0900] "GET /web/array3.js?v=1 HTTP/1.1" 200 1190
0:0:0:0:0:0:0:1 - - [09/Aug/2023:15:58:36 +0900] "GET /web/array3.html HTTP/1.1" 304 -
0:0:0:0:0:0:0:1 - - [09/Aug/2023:15:58:36 +0900] "GET /web/array3.js?v=1 HTTP/1.1" 304 -
192.168.110.214 - - [09/Aug/2023:15:58:42 +0900] "GET /web/userlist.json?callback=calldata HTTP/1.1" 200 400
0:0:0:0:0:0:0:1 - - [09/Aug/2023:15:59:21 +0900] "GET /web/array3.html HTTP/1.1" 304 -
0:0:0:0:0:0:0:1 - - [09/Aug/2023:15:59:21 +0900] "GET /web/array3.js?v=1 HTTP/1.1" 304 -
0:0:0:0:0:0:0:1 - - [09/Aug/2023:16:00:20 +0900] "GET /web/array3.html HTTP/1.1" 200 1018
0:0:0:0:0:0:0:1 - - [09/Aug/2023:16:00:20 +0900] "GET /web/array3.js?v=1 HTTP/1.1" 304 -
192.168.110.214 - - [09/Aug/2023:16:00:26 +0900] "GET /web/userlist.json?callback=calldata&v=1 HTTP/1.1" 200 400
0:0:0:0:0:0:0:1 - - [09/Aug/2023:16:00:29 +0900] "GET /web/array3.html HTTP/1.1" 304 -
192.168.110.214 - - [09/Aug/2023:16:00:48 +0900] "GET /web/userlist.json?callback=calldata&v=1 HTTP/1.1" 304 -
0:0:0:0:0:0:0:1 - - [09/Aug/2023:16:04:37 +0900] "GET /web/array3.html HTTP/1.1" 200 1093
0:0:0:0:0:0:0:1 - - [09/Aug/2023:16:04:37 +0900] "GET /web/array3.js?v=1 HTTP/1.1" 200 1323
192.168.110.214 - - [09/Aug/2023:16:04:39 +0900] "GET /web/userlist.json?callback=calldata&v=1 HTTP/1.1" 304 -
0:0:0:0:0:0:0:1 - - [09/Aug/2023:16:12:30 +0900] "GET /web/array3.html HTTP/1.1" 304 -
0:0:0:0:0:0:0:1 - - [09/Aug/2023:16:12:30 +0900] "GET /web/array3.js?v=1 HTTP/1.1" 200 1433
0:0:0:0:0:0:0:1 - - [09/Aug/2023:16:12:40 +0900] "GET /web/array4.html HTTP/1.1" 200 331
0:0:0:0:0:0:0:1 - - [09/Aug/2023:16:12:40 +0900] "GET /web/array4.js HTTP/1.1" 200 162
127.0.0.1 - - [09/Aug/2023:16:19:45 +0900] "GET /web/array3.html HTTP/1.1" 200 1093
127.0.0.1 - - [09/Aug/2023:16:19:45 +0900] "GET /web/array3.js?v=1 HTTP/1.1" 200 1433
0:0:0:0:0:0:0:1 - - [09/Aug/2023:16:19:51 +0900] "GET /web/array4.html HTTP/1.1" 304 -
0:0:0:0:0:0:0:1 - - [09/Aug/2023:16:19:51 +0900] "GET /web/array4.js HTTP/1.1" 200 609
192.168.110.214 - - [09/Aug/2023:16:19:55 +0900] "POST /web/login_idck.jsp HTTP/1.1" 200 128
0:0:0:0:0:0:0:1 - - [09/Aug/2023:16:20:45 +0900] "GET /web/array4.html HTTP/1.1" 304 -
0:0:0:0:0:0:0:1 - - [09/Aug/2023:16:20:45 +0900] "GET /web/array4.js HTTP/1.1" 304 -
0:0:0:0:0:0:0:1 - - [09/Aug/2023:16:23:46 +0900] "GET /web/array4.html HTTP/1.1" 304 -
0:0:0:0:0:0:0:1 - - [09/Aug/2023:16:23:46 +0900] "GET /web/array4.js HTTP/1.1" 304 -
192.168.110.214 - - [09/Aug/2023:16:23:59 +0900] "POST /web/login_idck.jsp HTTP/1.1" 200 2
0:0:0:0:0:0:0:1 - - [09/Aug/2023:16:24:03 +0900] "GET /web/array4.html HTTP/1.1" 304 -
192.168.110.214 - - [09/Aug/2023:16:24:03 +0900] "POST /web/login_idck.jsp HTTP/1.1" 200 2
192.168.110.214 - - [09/Aug/2023:16:24:04 +0900] "POST /web/login_idck.jsp HTTP/1.1" 200 2
192.168.110.214 - - [09/Aug/2023:16:24:04 +0900] "POST /web/login_idck.jsp HTTP/1.1" 200 2
192.168.110.214 - - [09/Aug/2023:16:24:05 +0900] "POST /web/login_idck.jsp HTTP/1.1" 200 2
192.168.110.214 - - [09/Aug/2023:16:33:58 +0900] "POST /web/login_idck.jsp HTTP/1.1" 200 2
192.168.110.214 - - [09/Aug/2023:16:42:22 +0900] "POST /web/login_idck.jsp HTTP/1.1" 200 8
192.168.110.214 - - [09/Aug/2023:16:42:24 +0900] "POST /web/login_idck.jsp HTTP/1.1" 200 8
192.168.110.214 - - [09/Aug/2023:16:42:25 +0900] "POST /web/login_idck.jsp HTTP/1.1" 200 8
192.168.110.214 - - [09/Aug/2023:16:43:49 +0900] "POST /web/login_idck.jsp HTTP/1.1" 200 8
192.168.110.214 - - [09/Aug/2023:16:43:52 +0900] "POST /web/login_idck.jsp HTTP/1.1" 200 8
192.168.110.214 - - [09/Aug/2023:16:44:07 +0900] "POST /web/login_idck.jsp HTTP/1.1" 200 8
192.168.110.214 - - [09/Aug/2023:16:44:09 +0900] "POST /web/login_idck.jsp HTTP/1.1" 200 8
192.168.110.214 - - [09/Aug/2023:16:45:07 +0900] "POST /web/login_idck.jsp HTTP/1.1" 200 8
192.168.110.214 - - [09/Aug/2023:16:45:13 +0900] "POST /web/login_idck.jsp HTTP/1.1" 200 8
192.168.110.214 - - [09/Aug/2023:16:45:14 +0900] "POST /web/login_idck.jsp HTTP/1.1" 200 8
192.168.110.214 - - [09/Aug/2023:16:45:14 +0900] "POST /web/login_idck.jsp HTTP/1.1" 200 8
192.168.110.214 - - [09/Aug/2023:16:45:15 +0900] "POST /web/login_idck.jsp HTTP/1.1" 200 8
192.168.110.214 - - [09/Aug/2023:16:45:15 +0900] "POST /web/login_idck.jsp HTTP/1.1" 200 8
192.168.110.214 - - [09/Aug/2023:16:45:15 +0900] "POST /web/login_idck.jsp HTTP/1.1" 200 8
192.168.110.214 - - [09/Aug/2023:16:45:15 +0900] "POST /web/login_idck.jsp HTTP/1.1" 200 8
192.168.110.214 - - [09/Aug/2023:16:45:15 +0900] "POST /web/login_idck.jsp HTTP/1.1" 200 8
192.168.110.214 - - [09/Aug/2023:16:45:16 +0900] "POST /web/login_idck.jsp HTTP/1.1" 200 8
192.168.110.214 - - [09/Aug/2023:16:45:21 +0900] "POST /web/login_idck.jsp HTTP/1.1" 200 8
192.168.110.214 - - [09/Aug/2023:16:45:21 +0900] "POST /web/login_idck.jsp HTTP/1.1" 200 8
192.168.110.214 - - [09/Aug/2023:16:45:22 +0900] "POST /web/login_idck.jsp HTTP/1.1" 200 8
192.168.110.214 - - [09/Aug/2023:16:45:22 +0900] "POST /web/login_idck.jsp HTTP/1.1" 200 8
192.168.110.214 - - [09/Aug/2023:16:45:22 +0900] "POST /web/login_idck.jsp HTTP/1.1" 200 8
192.168.110.214 - - [09/Aug/2023:16:45:22 +0900] "POST /web/login_idck.jsp HTTP/1.1" 200 8
192.168.110.214 - - [09/Aug/2023:16:45:22 +0900] "POST /web/login_idck.jsp HTTP/1.1" 200 8
192.168.110.214 - - [09/Aug/2023:16:45:23 +0900] "POST /web/login_idck.jsp HTTP/1.1" 200 8
192.168.110.214 - - [09/Aug/2023:16:45:23 +0900] "POST /web/login_idck.jsp HTTP/1.1" 200 8
192.168.110.214 - - [09/Aug/2023:16:45:23 +0900] "POST /web/login_idck.jsp HTTP/1.1" 200 8
192.168.110.214 - - [09/Aug/2023:16:45:23 +0900] "POST /web/login_idck.jsp HTTP/1.1" 200 8
192.168.110.214 - - [09/Aug/2023:16:45:23 +0900] "POST /web/login_idck.jsp HTTP/1.1" 200 8
0:0:0:0:0:0:0:1 - - [09/Aug/2023:16:47:25 +0900] "GET /web/array4.html HTTP/1.1" 200 331
0:0:0:0:0:0:0:1 - - [09/Aug/2023:16:47:25 +0900] "GET /web/array4.js HTTP/1.1" 200 771
192.168.110.214 - - [09/Aug/2023:16:47:27 +0900] "POST /web/login_idck.jsp HTTP/1.1" 200 11
0:0:0:0:0:0:0:1 - - [09/Aug/2023:16:47:45 +0900] "GET /web/array4.html HTTP/1.1" 304 -
0:0:0:0:0:0:0:1 - - [09/Aug/2023:16:47:45 +0900] "GET /web/array4.js HTTP/1.1" 304 -
0:0:0:0:0:0:0:1 - - [09/Aug/2023:16:47:50 +0900] "GET /web/array4.html HTTP/1.1" 304 -
0:0:0:0:0:0:0:1 - - [09/Aug/2023:16:47:50 +0900] "GET /web/array4.js HTTP/1.1" 304 -
192.168.110.214 - - [09/Aug/2023:16:48:02 +0900] "POST /web/login_idck.jsp HTTP/1.1" 200 8
192.168.110.214 - - [09/Aug/2023:16:48:03 +0900] "POST /web/login_idck.jsp HTTP/1.1" 200 8
192.168.110.214 - - [09/Aug/2023:16:48:04 +0900] "POST /web/login_idck.jsp HTTP/1.1" 200 11
192.168.110.214 - - [09/Aug/2023:16:48:05 +0900] "POST /web/login_idck.jsp HTTP/1.1" 200 11
192.168.110.214 - - [09/Aug/2023:16:48:06 +0900] "POST /web/login_idck.jsp HTTP/1.1" 200 17
192.168.110.214 - - [09/Aug/2023:16:48:07 +0900] "POST /web/login_idck.jsp HTTP/1.1" 200 20
192.168.110.214 - - [09/Aug/2023:16:48:08 +0900] "POST /web/login_idck.jsp HTTP/1.1" 200 23
0:0:0:0:0:0:0:1 - - [09/Aug/2023:16:48:12 +0900] "GET /web/array4.html HTTP/1.1" 304 -
0:0:0:0:0:0:0:1 - - [09/Aug/2023:16:48:12 +0900] "GET /web/array4.js HTTP/1.1" 304 -
0:0:0:0:0:0:0:1 - - [09/Aug/2023:16:48:17 +0900] "GET /web/array4.html HTTP/1.1" 304 -
0:0:0:0:0:0:0:1 - - [09/Aug/2023:16:48:17 +0900] "GET /web/array4.js HTTP/1.1" 304 -
192.168.110.214 - - [09/Aug/2023:16:48:43 +0900] "POST /web/login_idck.jsp HTTP/1.1" 200 26
192.168.110.214 - - [09/Aug/2023:16:48:44 +0900] "POST /web/login_idck.jsp HTTP/1.1" 200 29
192.168.110.214 - - [09/Aug/2023:16:48:45 +0900] "POST /web/login_idck.jsp HTTP/1.1" 200 32
0:0:0:0:0:0:0:1 - - [09/Aug/2023:16:54:46 +0900] "GET /web/array4.html HTTP/1.1" 304 -
0:0:0:0:0:0:0:1 - - [09/Aug/2023:16:54:46 +0900] "GET /web/array4.js HTTP/1.1" 304 -
192.168.110.214 - - [09/Aug/2023:16:54:54 +0900] "POST /web/login_idck.jsp HTTP/1.1" 200 7
192.168.110.214 - - [09/Aug/2023:16:55:07 +0900] "POST /web/login_idck.jsp HTTP/1.1" 200 7
192.168.110.214 - - [09/Aug/2023:16:56:39 +0900] "POST /web/login_idck.jsp HTTP/1.1" 200 7
192.168.110.214 - - [09/Aug/2023:16:56:44 +0900] "POST /web/login_idck.jsp HTTP/1.1" 200 7
192.168.110.214 - - [09/Aug/2023:16:56:45 +0900] "POST /web/login_idck.jsp HTTP/1.1" 200 7
192.168.110.214 - - [09/Aug/2023:16:56:47 +0900] "POST /web/login_idck.jsp HTTP/1.1" 200 7
0:0:0:0:0:0:0:1 - - [09/Aug/2023:16:58:23 +0900] "GET /web/array4.html HTTP/1.1" 304 -
0:0:0:0:0:0:0:1 - - [09/Aug/2023:16:58:23 +0900] "GET /web/array4.js HTTP/1.1" 200 915
192.168.110.214 - - [09/Aug/2023:16:58:34 +0900] "POST /web/login_idck.jsp HTTP/1.1" 200 7
0:0:0:0:0:0:0:1 - - [09/Aug/2023:16:58:59 +0900] "GET /web/array4.html HTTP/1.1" 304 -
0:0:0:0:0:0:0:1 - - [09/Aug/2023:16:58:59 +0900] "GET /web/array4.js HTTP/1.1" 200 939
192.168.110.214 - - [09/Aug/2023:16:59:03 +0900] "POST /web/login_idck.jsp HTTP/1.1" 200 7
192.168.110.214 - - [09/Aug/2023:16:59:47 +0900] "POST /web/login_idck.jsp HTTP/1.1" 200 7
192.168.110.214 - - [09/Aug/2023:17:01:10 +0900] "POST /web/login_idck.jsp HTTP/1.1" 200 7
0:0:0:0:0:0:0:1 - - [09/Aug/2023:17:01:10 +0900] "GET /web/array4.html HTTP/1.1" 304 -
0:0:0:0:0:0:0:1 - - [09/Aug/2023:17:01:10 +0900] "GET /web/array4.js HTTP/1.1" 304 -
192.168.110.214 - - [09/Aug/2023:17:01:22 +0900] "POST /web/login_idck.jsp HTTP/1.1" 200 7
0:0:0:0:0:0:0:1 - - [09/Aug/2023:17:01:39 +0900] "GET /web/array4.html?mid=admin HTTP/1.1" 200 331
0:0:0:0:0:0:0:1 - - [09/Aug/2023:17:01:39 +0900] "GET /web/array4.js HTTP/1.1" 304 -
0:0:0:0:0:0:0:1 - - [09/Aug/2023:17:02:11 +0900] "GET /web/array4.html?mid=admin HTTP/1.1" 304 -
0:0:0:0:0:0:0:1 - - [09/Aug/2023:17:02:11 +0900] "GET /web/array4.js HTTP/1.1" 304 -
0:0:0:0:0:0:0:1 - - [09/Aug/2023:17:02:12 +0900] "GET /web/array4.html?mid=admin HTTP/1.1" 304 -
0:0:0:0:0:0:0:1 - - [09/Aug/2023:17:02:12 +0900] "GET /web/array4.html?mid=admin HTTP/1.1" 304 -
0:0:0:0:0:0:0:1 - - [09/Aug/2023:17:02:12 +0900] "GET /web/array4.html?mid=admin HTTP/1.1" 304 -
0:0:0:0:0:0:0:1 - - [09/Aug/2023:17:02:49 +0900] "GET /web/array4.html?mid=admin HTTP/1.1" 304 -
0:0:0:0:0:0:0:1 - - [09/Aug/2023:17:02:49 +0900] "GET /web/array4.js HTTP/1.1" 304 -
192.168.110.214 - - [09/Aug/2023:17:02:54 +0900] "POST /web/login_idck.jsp HTTP/1.1" 200 5
0:0:0:0:0:0:0:1 - - [09/Aug/2023:17:03:13 +0900] "GET /web/array4.html?mid=admin HTTP/1.1" 304 -
0:0:0:0:0:0:0:1 - - [09/Aug/2023:17:03:13 +0900] "GET /web/array4.js HTTP/1.1" 304 -
192.168.110.214 - - [09/Aug/2023:17:03:22 +0900] "POST /web/login_idck.jsp HTTP/1.1" 200 4
0:0:0:0:0:0:0:1 - - [09/Aug/2023:17:05:25 +0900] "GET /web/array4.html?mid=admin HTTP/1.1" 200 335
0:0:0:0:0:0:0:1 - - [09/Aug/2023:17:05:25 +0900] "GET /web/array4.js?v=1 HTTP/1.1" 200 939
192.168.110.214 - - [09/Aug/2023:17:07:03 +0900] "POST /web/login_idck.jsp HTTP/1.1" 200 65
0:0:0:0:0:0:0:1 - - [09/Aug/2023:17:13:11 +0900] "GET /web/array4.html?mid=admin HTTP/1.1" 304 -
0:0:0:0:0:0:0:1 - - [09/Aug/2023:17:13:11 +0900] "GET /web/array4.js?v=1 HTTP/1.1" 200 1064
0:0:0:0:0:0:0:1 - - [09/Aug/2023:17:13:38 +0900] "GET /web/array4.html?mid=admin HTTP/1.1" 304 -
0:0:0:0:0:0:0:1 - - [09/Aug/2023:17:13:38 +0900] "GET /web/array4.js?v=1 HTTP/1.1" 304 -
0:0:0:0:0:0:0:1 - - [09/Aug/2023:17:14:11 +0900] "GET /web/array4.html?mid=admin HTTP/1.1" 304 -
0:0:0:0:0:0:0:1 - - [09/Aug/2023:17:14:11 +0900] "GET /web/array4.js?v=1 HTTP/1.1" 200 1056
192.168.110.214 - - [09/Aug/2023:17:14:28 +0900] "POST /web/login_idck.jsp HTTP/1.1" 200 66
0:0:0:0:0:0:0:1 - - [09/Aug/2023:17:15:04 +0900] "GET /web/array4.html?mid=admin HTTP/1.1" 304 -
0:0:0:0:0:0:0:1 - - [09/Aug/2023:17:15:04 +0900] "GET /web/array4.js?v=1 HTTP/1.1" 200 1040
0:0:0:0:0:0:0:1 - - [09/Aug/2023:17:15:06 +0900] "GET /web/array4.js?v=1 HTTP/1.1" 304 -
192.168.110.214 - - [09/Aug/2023:17:15:10 +0900] "POST /web/login_idck.jsp HTTP/1.1" 200 4
0:0:0:0:0:0:0:1 - - [09/Aug/2023:17:15:56 +0900] "GET /web/array4.html?mid=admin HTTP/1.1" 200 335
0:0:0:0:0:0:0:1 - - [09/Aug/2023:17:15:56 +0900] "GET /web/array4.js?v=2 HTTP/1.1" 200 1056
192.168.110.214 - - [09/Aug/2023:17:16:02 +0900] "POST /web/login_idck.jsp HTTP/1.1" 200 4
192.168.110.214 - - [09/Aug/2023:17:17:13 +0900] "POST /web/login_idck.jsp HTTP/1.1" 200 4
192.168.110.214 - - [09/Aug/2023:17:17:58 +0900] "POST /web/login_idck.jsp HTTP/1.1" 200 -
0:0:0:0:0:0:0:1 - - [09/Aug/2023:17:18:55 +0900] "GET /web/array4.html?mid=admin HTTP/1.1" 304 -
0:0:0:0:0:0:0:1 - - [09/Aug/2023:17:18:55 +0900] "GET /web/array4.js?v=2 HTTP/1.1" 200 1050
192.168.110.215 - - [09/Aug/2023:17:19:00 +0900] "POST /web/login_idck.jsp HTTP/1.1" 200 4
192.168.110.215 - - [09/Aug/2023:17:19:04 +0900] "POST /web/login_idck.jsp HTTP/1.1" 200 4
0:0:0:0:0:0:0:1 - - [09/Aug/2023:17:19:07 +0900] "GET /web/array4.html?mid=admin HTTP/1.1" 304 -
0:0:0:0:0:0:0:1 - - [09/Aug/2023:17:19:08 +0900] "GET /web/array4.js?v=2 HTTP/1.1" 304 -
192.168.110.215 - - [09/Aug/2023:17:19:11 +0900] "POST /web/login_idck.jsp HTTP/1.1" 200 4
0:0:0:0:0:0:0:1 - - [09/Aug/2023:17:20:02 +0900] "GET /web/array4.html?mid=admin HTTP/1.1" 304 -
0:0:0:0:0:0:0:1 - - [09/Aug/2023:17:20:02 +0900] "GET /web/array4.js?v=2 HTTP/1.1" 200 1034
192.168.110.214 - - [09/Aug/2023:17:20:12 +0900] "POST /web/login_idck.jsp HTTP/1.1" 200 2
0:0:0:0:0:0:0:1 - - [09/Aug/2023:17:20:35 +0900] "GET /web/array4.html?mid=admin HTTP/1.1" 304 -
0:0:0:0:0:0:0:1 - - [09/Aug/2023:17:20:36 +0900] "GET /web/array4.js?v=2 HTTP/1.1" 200 1034
0:0:0:0:0:0:0:1 - - [09/Aug/2023:17:20:36 +0900] "GET /web/array4.html?mid=admin HTTP/1.1" 304 -
0:0:0:0:0:0:0:1 - - [09/Aug/2023:17:20:36 +0900] "GET /web/array4.js?v=2 HTTP/1.1" 304 -
0:0:0:0:0:0:0:1 - - [09/Aug/2023:17:20:37 +0900] "GET /web/array4.html?mid=admin HTTP/1.1" 304 -
0:0:0:0:0:0:0:1 - - [09/Aug/2023:17:20:37 +0900] "GET /web/array4.js?v=2 HTTP/1.1" 304 -
192.168.110.215 - - [09/Aug/2023:17:20:39 +0900] "POST /web/login_idck.jsp HTTP/1.1" 200 2
192.168.110.214 - - [09/Aug/2023:17:20:52 +0900] "POST /web/login_idck.jsp HTTP/1.1" 200 2
192.168.110.215 - - [09/Aug/2023:17:20:59 +0900] "POST /web/login_idck.jsp HTTP/1.1" 200 2
0:0:0:0:0:0:0:1 - - [09/Aug/2023:17:21:00 +0900] "GET /web/array4.html?mid=admin HTTP/1.1" 304 -
0:0:0:0:0:0:0:1 - - [09/Aug/2023:17:21:01 +0900] "GET /web/array4.js?v=2 HTTP/1.1" 200 1034
192.168.110.215 - - [09/Aug/2023:17:21:02 +0900] "POST /web/login_idck.jsp HTTP/1.1" 200 3
192.168.110.214 - - [09/Aug/2023:17:23:18 +0900] "POST /web/login_idck.jsp HTTP/1.1" 200 2
0:0:0:0:0:0:0:1 - - [09/Aug/2023:17:23:28 +0900] "GET /web/array4.html?mid=admin HTTP/1.1" 304 -
0:0:0:0:0:0:0:1 - - [09/Aug/2023:17:23:28 +0900] "GET /web/array4.js?v=2 HTTP/1.1" 200 1115
0:0:0:0:0:0:0:1 - - [09/Aug/2023:17:23:28 +0900] "GET /web/array4.html?mid=admin HTTP/1.1" 304 -
192.168.110.215 - - [09/Aug/2023:17:23:31 +0900] "POST /web/login_idck.jsp HTTP/1.1" 200 2
0:0:0:0:0:0:0:1 - - [09/Aug/2023:17:24:08 +0900] "GET /web/array4.html?mid=admin HTTP/1.1" 304 -
0:0:0:0:0:0:0:1 - - [09/Aug/2023:17:24:08 +0900] "GET /web/array4.js?v=2 HTTP/1.1" 200 1115
0:0:0:0:0:0:0:1 - - [09/Aug/2023:17:24:09 +0900] "GET /web/array4.html?mid=admin HTTP/1.1" 304 -
0:0:0:0:0:0:0:1 - - [09/Aug/2023:17:24:09 +0900] "GET /web/array4.js?v=2 HTTP/1.1" 304 -
192.168.110.214 - - [09/Aug/2023:17:24:47 +0900] "POST /web/login_idck.jsp HTTP/1.1" 200 2
192.168.110.214 - - [09/Aug/2023:17:25:24 +0900] "POST /web/login_idck.jsp HTTP/1.1" 200 2
192.168.110.214 - - [09/Aug/2023:17:25:51 +0900] "POST /web/login_idck.jsp HTTP/1.1" 200 2
192.168.110.214 - - [09/Aug/2023:17:26:28 +0900] "POST /web/login_idck.jsp HTTP/1.1" 200 2
0:0:0:0:0:0:0:1 - - [09/Aug/2023:17:26:49 +0900] "GET /web/array4.html?mid=admin HTTP/1.1" 200 335
0:0:0:0:0:0:0:1 - - [09/Aug/2023:17:26:49 +0900] "GET /web/array4.js?v=3 HTTP/1.1" 200 1115
0:0:0:0:0:0:0:1 - - [09/Aug/2023:17:26:50 +0900] "GET /web/array4.html?mid=admin HTTP/1.1" 304 -
0:0:0:0:0:0:0:1 - - [09/Aug/2023:17:26:50 +0900] "GET /web/array4.js?v=3 HTTP/1.1" 304 -
0:0:0:0:0:0:0:1 - - [09/Aug/2023:17:26:50 +0900] "GET /web/array4.html?mid=admin HTTP/1.1" 304 -
0:0:0:0:0:0:0:1 - - [09/Aug/2023:17:26:50 +0900] "GET /web/array4.js?v=3 HTTP/1.1" 304 -
0:0:0:0:0:0:0:1 - - [09/Aug/2023:17:26:57 +0900] "GET /web/array4.html HTTP/1.1" 200 335
0:0:0:0:0:0:0:1 - - [09/Aug/2023:17:26:57 +0900] "GET /web/array4.js?v=3 HTTP/1.1" 304 -
192.168.110.215 - - [09/Aug/2023:17:26:59 +0900] "POST /web/login_idck.jsp HTTP/1.1" 200 2
192.168.110.214 - - [09/Aug/2023:17:27:04 +0900] "POST /web/login_idck.jsp HTTP/1.1" 200 2
192.168.110.215 - - [09/Aug/2023:17:27:07 +0900] "POST /web/login_idck.jsp HTTP/1.1" 200 2
0:0:0:0:0:0:0:1 - - [09/Aug/2023:17:27:36 +0900] "GET /web/array4.html HTTP/1.1" 304 -
0:0:0:0:0:0:0:1 - - [09/Aug/2023:17:27:36 +0900] "GET /web/array4.js?v=3 HTTP/1.1" 304 -
192.168.110.215 - - [09/Aug/2023:17:27:39 +0900] "POST /web/login_idck.jsp HTTP/1.1" 200 2
0:0:0:0:0:0:0:1 - - [09/Aug/2023:17:27:44 +0900] "GET /web/array4.html HTTP/1.1" 304 -
0:0:0:0:0:0:0:1 - - [09/Aug/2023:17:27:44 +0900] "GET /web/array4.js?v=3 HTTP/1.1" 304 -
192.168.110.215 - - [09/Aug/2023:17:27:47 +0900] "POST /web/login_idck.jsp HTTP/1.1" 200 2
192.168.110.214 - - [09/Aug/2023:17:28:00 +0900] "POST /web/login_idck.jsp HTTP/1.1" 200 2
192.168.110.214 - - [09/Aug/2023:17:30:34 +0900] "POST /web/login_idck.jsp HTTP/1.1" 200 2
0:0:0:0:0:0:0:1 - - [09/Aug/2023:17:30:56 +0900] "GET /web/array4.html HTTP/1.1" 304 -
0:0:0:0:0:0:0:1 - - [09/Aug/2023:17:30:56 +0900] "GET /web/array4.js?v=3 HTTP/1.1" 200 1117
0:0:0:0:0:0:0:1 - - [09/Aug/2023:17:30:57 +0900] "GET /web/array4.html HTTP/1.1" 304 -
0:0:0:0:0:0:0:1 - - [09/Aug/2023:17:30:57 +0900] "GET /web/array4.js?v=3 HTTP/1.1" 304 -
0:0:0:0:0:0:0:1 - - [09/Aug/2023:17:30:57 +0900] "GET /web/array4.html HTTP/1.1" 304 -
0:0:0:0:0:0:0:1 - - [09/Aug/2023:17:30:57 +0900] "GET /web/array4.js?v=3 HTTP/1.1" 304 -
0:0:0:0:0:0:0:1 - - [09/Aug/2023:17:30:57 +0900] "GET /web/array4.html HTTP/1.1" 304 -
0:0:0:0:0:0:0:1 - - [09/Aug/2023:17:30:57 +0900] "GET /web/array4.js?v=3 HTTP/1.1" 304 -
0:0:0:0:0:0:0:1 - - [09/Aug/2023:17:30:58 +0900] "GET /web/array4.html HTTP/1.1" 304 -
0:0:0:0:0:0:0:1 - - [09/Aug/2023:17:30:58 +0900] "GET /web/array4.js?v=3 HTTP/1.1" 304 -
0:0:0:0:0:0:0:1 - - [09/Aug/2023:17:30:58 +0900] "GET /web/array4.html HTTP/1.1" 304 -
0:0:0:0:0:0:0:1 - - [09/Aug/2023:17:30:58 +0900] "GET /web/array4.js?v=3 HTTP/1.1" 304 -
0:0:0:0:0:0:0:1 - - [09/Aug/2023:17:30:59 +0900] "GET /web/array4.html HTTP/1.1" 304 -
0:0:0:0:0:0:0:1 - - [09/Aug/2023:17:30:59 +0900] "GET /web/array4.js?v=3 HTTP/1.1" 304 -
192.168.110.215 - - [09/Aug/2023:17:31:03 +0900] "POST /web/login_idck.jsp HTTP/1.1" 200 2
192.168.110.215 - - [09/Aug/2023:17:31:24 +0900] "POST /web/login_idck.jsp HTTP/1.1" 200 2
0:0:0:0:0:0:0:1 - - [09/Aug/2023:17:31:27 +0900] "GET /web/array4.html HTTP/1.1" 304 -
0:0:0:0:0:0:0:1 - - [09/Aug/2023:17:31:27 +0900] "GET /web/array4.js?v=3 HTTP/1.1" 200 1115
192.168.110.215 - - [09/Aug/2023:17:31:32 +0900] "POST /web/login_idck.jsp HTTP/1.1" 200 2
192.168.110.214 - - [09/Aug/2023:17:32:23 +0900] "POST /web/login_idck.jsp HTTP/1.1" 200 2
0:0:0:0:0:0:0:1 - - [09/Aug/2023:17:35:07 +0900] "GET /web/array4.html HTTP/1.1" 304 -
0:0:0:0:0:0:0:1 - - [09/Aug/2023:17:35:07 +0900] "GET /web/array4.js?v=3 HTTP/1.1" 304 -
192.168.110.215 - - [09/Aug/2023:17:35:10 +0900] "POST /web/login_idck.jsp HTTP/1.1" 200 2
192.168.110.215 - - [09/Aug/2023:17:35:13 +0900] "POST /web/login_idck.jsp HTTP/1.1" 200 2
192.168.110.215 - - [09/Aug/2023:17:35:16 +0900] "POST /web/login_idck.jsp HTTP/1.1" 200 3
0:0:0:0:0:0:0:1 - - [09/Aug/2023:17:35:45 +0900] "GET /web/array4.html HTTP/1.1" 304 -
0:0:0:0:0:0:0:1 - - [09/Aug/2023:17:35:45 +0900] "GET /web/array4.js?v=3 HTTP/1.1" 200 1115
0:0:0:0:0:0:0:1 - - [09/Aug/2023:17:35:46 +0900] "GET /web/array4.html HTTP/1.1" 304 -
192.168.110.214 - - [09/Aug/2023:17:36:43 +0900] "POST /web/login_idck.jsp HTTP/1.1" 200 2
0:0:0:0:0:0:0:1 - - [09/Aug/2023:17:36:49 +0900] "GET /web/array4.html HTTP/1.1" 304 -
0:0:0:0:0:0:0:1 - - [09/Aug/2023:17:36:49 +0900] "GET /web/array4.js?v=3 HTTP/1.1" 304 -
0:0:0:0:0:0:0:1 - - [09/Aug/2023:17:37:52 +0900] "GET /web/array4.html HTTP/1.1" 304 -
0:0:0:0:0:0:0:1 - - [09/Aug/2023:17:37:52 +0900] "GET /web/array4.js?v=3 HTTP/1.1" 304 -
0:0:0:0:0:0:0:1 - - [09/Aug/2023:17:37:53 +0900] "GET /web/array4.html HTTP/1.1" 304 -
0:0:0:0:0:0:0:1 - - [09/Aug/2023:17:37:53 +0900] "GET /web/array4.html HTTP/1.1" 304 -
0:0:0:0:0:0:0:1 - - [09/Aug/2023:17:37:53 +0900] "GET /web/array4.html HTTP/1.1" 304 -
0:0:0:0:0:0:0:1 - - [09/Aug/2023:17:38:03 +0900] "GET /web/array4.html HTTP/1.1" 304 -
0:0:0:0:0:0:0:1 - - [09/Aug/2023:17:38:03 +0900] "GET /web/array4.html HTTP/1.1" 304 -
0:0:0:0:0:0:0:1 - - [09/Aug/2023:17:38:03 +0900] "GET /web/array4.html HTTP/1.1" 304 -
0:0:0:0:0:0:0:1 - - [09/Aug/2023:17:38:03 +0900] "GET /web/array4.html HTTP/1.1" 304 -
0:0:0:0:0:0:0:1 - - [09/Aug/2023:17:38:03 +0900] "GET /web/array4.html HTTP/1.1" 304 -
0:0:0:0:0:0:0:1 - - [09/Aug/2023:17:38:03 +0900] "GET /web/array4.html HTTP/1.1" 304 -
0:0:0:0:0:0:0:1 - - [09/Aug/2023:17:38:04 +0900] "GET /web/array4.html HTTP/1.1" 304 -
0:0:0:0:0:0:0:1 - - [09/Aug/2023:17:38:04 +0900] "GET /web/array4.html HTTP/1.1" 304 -
192.168.110.214 - - [09/Aug/2023:17:39:07 +0900] "POST /web/login_idck.jsp HTTP/1.1" 200 4
192.168.110.214 - - [09/Aug/2023:17:39:17 +0900] "POST /web/login_idck.jsp HTTP/1.1" 200 2
192.168.110.214 - - [09/Aug/2023:17:42:18 +0900] "POST /web/login_idck.jsp HTTP/1.1" 200 2
192.168.110.214 - - [09/Aug/2023:17:42:27 +0900] "POST /web/login_idck.jsp HTTP/1.1" 200 3
192.168.110.214 - - [09/Aug/2023:17:42:32 +0900] "POST /web/login_idck.jsp HTTP/1.1" 200 3
192.168.110.214 - - [09/Aug/2023:17:42:45 +0900] "POST /web/login_idck.jsp HTTP/1.1" 200 3
192.168.110.214 - - [09/Aug/2023:17:42:57 +0900] "POST /web/login_idck.jsp HTTP/1.1" 200 3
192.168.110.214 - - [09/Aug/2023:17:43:04 +0900] "POST /web/login_idck.jsp HTTP/1.1" 200 3
192.168.110.214 - - [09/Aug/2023:17:43:11 +0900] "POST /web/login_idck.jsp HTTP/1.1" 200 2
192.168.110.214 - - [09/Aug/2023:17:43:14 +0900] "POST /web/login_idck.jsp HTTP/1.1" 200 2
192.168.110.214 - - [09/Aug/2023:17:43:16 +0900] "POST /web/login_idck.jsp HTTP/1.1" 200 2
192.168.110.214 - - [09/Aug/2023:17:43:17 +0900] "POST /web/login_idck.jsp HTTP/1.1" 200 2
192.168.110.214 - - [09/Aug/2023:17:43:17 +0900] "POST /web/login_idck.jsp HTTP/1.1" 200 2
192.168.110.214 - - [09/Aug/2023:17:43:18 +0900] "POST /web/login_idck.jsp HTTP/1.1" 200 2
192.168.110.214 - - [09/Aug/2023:17:43:18 +0900] "POST /web/login_idck.jsp HTTP/1.1" 200 2
192.168.110.214 - - [09/Aug/2023:17:43:19 +0900] "POST /web/login_idck.jsp HTTP/1.1" 200 2
192.168.110.214 - - [09/Aug/2023:17:43:19 +0900] "POST /web/login_idck.jsp HTTP/1.1" 200 2
192.168.110.214 - - [09/Aug/2023:17:43:20 +0900] "POST /web/login_idck.jsp HTTP/1.1" 200 2
192.168.110.214 - - [09/Aug/2023:17:43:20 +0900] "POST /web/login_idck.jsp HTTP/1.1" 200 2
192.168.110.214 - - [09/Aug/2023:17:43:20 +0900] "POST /web/login_idck.jsp HTTP/1.1" 200 2
192.168.110.214 - - [09/Aug/2023:17:43:21 +0900] "POST /web/login_idck.jsp HTTP/1.1" 200 2
192.168.110.214 - - [09/Aug/2023:17:43:21 +0900] "POST /web/login_idck.jsp HTTP/1.1" 200 2
192.168.110.214 - - [09/Aug/2023:17:43:22 +0900] "POST /web/login_idck.jsp HTTP/1.1" 200 2
192.168.110.214 - - [09/Aug/2023:17:43:22 +0900] "POST /web/login_idck.jsp HTTP/1.1" 200 2
192.168.110.214 - - [09/Aug/2023:17:43:36 +0900] "POST /web/login_idck.jsp HTTP/1.1" 200 3
192.168.110.214 - - [09/Aug/2023:17:43:40 +0900] "POST /web/login_idck.jsp HTTP/1.1" 200 3
192.168.110.214 - - [09/Aug/2023:17:44:54 +0900] "POST /web/login_idck.jsp HTTP/1.1" 500 2768
192.168.110.214 - - [09/Aug/2023:17:45:01 +0900] "POST /web/login_idck.jsp HTTP/1.1" 500 2768
192.168.110.214 - - [09/Aug/2023:17:45:37 +0900] "POST /web/login_idck.jsp HTTP/1.1" 200 660
192.168.110.214 - - [09/Aug/2023:17:45:41 +0900] "POST /web/login_idck.jsp HTTP/1.1" 200 660
192.168.110.214 - - [09/Aug/2023:17:46:03 +0900] "POST /web/login_idck.jsp HTTP/1.1" 500 2405
192.168.110.214 - - [09/Aug/2023:17:46:07 +0900] "POST /web/login_idck.jsp HTTP/1.1" 500 2405
192.168.110.214 - - [09/Aug/2023:17:46:11 +0900] "POST /web/login_idck.jsp HTTP/1.1" 200 660
192.168.110.214 - - [09/Aug/2023:17:46:14 +0900] "GET /web/login_idck.jsp HTTP/1.1" 500 2405
192.168.110.214 - - [09/Aug/2023:17:46:14 +0900] "GET /favicon.ico HTTP/1.1" 404 818
192.168.110.214 - - [09/Aug/2023:17:46:19 +0900] "POST /web/login_idck.jsp HTTP/1.1" 500 2405
192.168.110.214 - - [09/Aug/2023:17:46:43 +0900] "POST /web/login_idck.jsp HTTP/1.1" 200 -
192.168.110.214 - - [09/Aug/2023:17:46:51 +0900] "POST /web/login_idck.jsp HTTP/1.1" 200 -
192.168.110.214 - - [09/Aug/2023:17:47:13 +0900] "POST /web/login_idck.jsp HTTP/1.1" 200 3
192.168.110.214 - - [09/Aug/2023:17:47:17 +0900] "POST /web/login_idck.jsp HTTP/1.1" 200 3
192.168.110.214 - - [09/Aug/2023:17:47:22 +0900] "POST /web/login_idck.jsp HTTP/1.1" 200 3
192.168.110.214 - - [09/Aug/2023:17:48:05 +0900] "POST /web/login_idck.jsp HTTP/1.1" 500 2497
192.168.110.214 - - [09/Aug/2023:17:48:07 +0900] "POST /web/login_idck.jsp HTTP/1.1" 200 3
192.168.110.214 - - [09/Aug/2023:17:48:11 +0900] "POST /web/login_idck.jsp HTTP/1.1" 200 3
192.168.110.214 - - [09/Aug/2023:17:48:37 +0900] "POST /web/login_idck.jsp HTTP/1.1" 200 3
